01v97
4
15
12243036
2772126
3036
126
243036

Completion took 9 ms
